1	1789900001000	2000	sophia_live_session_input_pipeline schema=4 status=poller_ready source=udev seat=seat0 devices=19 active=19 keyboards=15 pointers=8 touch=0 tap_capable=0 tap_enabled=0 pointer_configured=0 settings_unsupported=0
2	1789900002000	3000	sophia_live_session_input_device schema=1 status=added device=256 keyboard=true pointer=false touch=false virtual=false source=udev
3	1789900003000	4000	sophia_live_session_input_device schema=1 status=added device=257 keyboard=true pointer=false touch=false virtual=false source=udev
4	1789900004000	5000	sophia_live_session_input_device schema=1 status=added device=258 keyboard=false pointer=true touch=false virtual=false source=udev
5	1789900005000	6000	sophia_live_session_input_device schema=1 status=added device=270 keyboard=true pointer=false touch=false virtual=false source=udev
6	1789900006000	7000	sophia_live_session_input_device schema=1 status=added device=271 keyboard=true pointer=false touch=false virtual=false source=udev
7	1789900007000	8000	sophia_live_session_input_device schema=1 status=added device=272 keyboard=true pointer=false touch=false virtual=true source=udev
8	1789900008000	9000	sophia_live_session_input_pipeline schema=1 status=focus_ready
9	1789900009000	10000	sophia_live_session_input_device schema=1 status=key_observed device=256
10	1789900010000	11000	sophia_live_session_input_routing schema=1 key_observed_count=2 key_routed_count=2 key_no_focus_count=0
11	1789900011000	12000	sophia_live_session_input_device schema=1 status=key_observed device=270
12	1789900012000	13000	sophia_live_session_input_routing schema=1 key_observed_count=2 key_routed_count=2 key_no_focus_count=0
13	1789900013000	14000	sophia_live_session_input_routing schema=1 key_observed_count=1 key_routed_count=1 key_no_focus_count=0
14	1789900014000	15000	sophia_live_session_input_device schema=1 status=removed device=270 released=0
15	1789900015000	16000	sophia_live_session_input_device schema=1 status=removed device=271 released=0
16	1789900016000	17000	sophia_live_session_input_routing schema=1 key_observed_count=4 key_routed_count=4 key_no_focus_count=0
17	1789900017000	18000	sophia_live_session_input_device schema=1 status=added device=275 keyboard=true pointer=false touch=false virtual=false source=udev
18	1789900018000	19000	sophia_live_session_input_device schema=1 status=added device=276 keyboard=true pointer=false touch=false virtual=false source=udev
19	1789900019000	20000	sophia_live_session_input_device schema=1 status=key_observed device=275
20	1789900020000	21000	sophia_live_session_input_routing schema=1 key_observed_count=2 key_routed_count=2 key_no_focus_count=0
21	1789900021000	22000	sophia_live_session_input_devices schema=1 source=udev added=8 removed=2 active=6 keyboards=5 pointers=1 touch=0
22	1789900022000	23000	sophia_live_session_input_device schema=1 status=summary fallbacks=0
